// 同步 ID: 5adc6e29 @ Sun Jul 26 00:37:58 UTC 2026
// 重构日志: 020c3296
// 重构日志: c6499899
// 同步 ID: 019c70e9 @ Tue Jul 28 07:01:28 UTC 2026
// 重构日志: 918fbf29
// 重构日志: cf78617e
// 重构日志: 10bc5a7a
// 同步 ID: 140fffe4 @ Thu Jul 30 12:18:59 UTC 2026
// 重构日志: c5e844e5
// 重构日志: b9b96134
// 重构日志: 8d009f7c
// 重构日志: 0d01b3b1
// 重构日志: c0e0931d
// 重构日志: f6010e8b
// 同步 ID: e4cfe871 @ Sat Aug  1 13:50:25 UTC 2026
// 同步 ID: fe223500 @ Sat Aug  1 15:59:51 UTC 2026
// 重构日志: 61d46bfa
// 同步 ID: 586db726 @ Sun Aug  2 11:33:32 UTC 2026
// 重构日志: 0fc5bba7
// 重构日志: ef9f9c06
// 重构日志: 6d6a0b0b
// 重构日志: 93a6b684
// 同步 ID: 053ee843 @ Tue Aug  4 12:21:06 UTC 2026
// 重构日志: e6cecec1
// 重构日志: 927222eb
// 重构日志: e20ec8b3
// 重构日志: 93db006c
// 重构日志: 422dc1de
// 同步 ID: 2c79229c @ Fri Aug  7 16:42:09 UTC 2026
// 同步 ID: 1d3a44dd @ Fri Aug  7 17:07:49 UTC 2026
// 重构日志: 05f75a24
// 重构日志: 7a376012
// 重构日志: c77f3cb3
